0 0 0 -1 0
0.09 0.112326 2.49628 -1.11608 -2.58126
0.18 0.217543 -0.15796 -1.23327 -0.0247013
